=== ЖУРНАЛ ИМИТАЦИОННОЙ МОДЕЛИ «МОРСКОЙ БОЙ АВТОНОМНЫХ КОРАБЛЕЙ» ===
=== НИУ ВШЭ, Факультет компьютерных наук, АКОС, Вариант 22 ===

[СУДЬЯ] Флоты успешно развернуты. Инварианты проверены. Бой начинается!

================================================================
>>> НАЧАЛО РАУНДА 1 <<<
================================================================
--- Готовность флота Флот Альфа (Север ---
  * Корабль #101: [4/4 палуб] готов к бою на (6,4)
  * Корабль #102: [3/3 палуб] готов к бою на (0,5)
  * Корабль #103: [3/3 палуб] готов к бою на (1,2)
  * Корабль #104: [2/2 палуб] готов к бою на (9,6)
  * Корабль #105: [2/2 палуб] готов к бою на (6,9)
  * Корабль #106: [2/2 палуб] готов к бою на (9,2)
  * Корабль #107: [1/1 палуб] готов к бою на (8,0)
  * Корабль #108: [1/1 палуб] готов к бою на (1,0)
  * Корабль #109: [1/1 палуб] готов к бою на (3,8)
  * Корабль #110: [1/1 палуб] готов к бою на (1,8)
  Сформированные цели флота Флот Альфа (Север (20 выстрелов):
    -> Корабль #101 целится в (4, 8)
    -> Корабль #101 целится в (2, 8)
    -> Корабль #101 целится в (4, 9)
    -> Корабль #101 целится в (5, 1)
    -> Корабль #102 целится в (7, 0)
    -> Корабль #102 целится в (8, 0)
    -> Корабль #102 целится в (4, 5)
    -> Корабль #103 целится в (3, 4)
    -> Корабль #103 целится в (5, 7)
    -> Корабль #103 целится в (6, 4)
    -> Корабль #104 целится в (6, 3)
    -> Корабль #104 целится в (5, 4)
    -> Корабль #105 целится в (9, 5)
    -> Корабль #105 целится в (9, 2)
    -> Корабль #106 целится в (0, 0)
    -> Корабль #106 целится в (3, 0)
    -> Корабль #107 целится в (8, 5)
    -> Корабль #108 целится в (2, 0)
    -> Корабль #109 целится в (7, 6)
    -> Корабль #110 целится в (1, 0)
--- Готовность флота Флот Браво (Южный ---
  * Корабль #201: [4/4 палуб] готов к бою на (6,2)
  * Корабль #202: [3/3 палуб] готов к бою на (5,9)
  * Корабль #203: [3/3 палуб] готов к бою на (2,4)
  * Корабль #204: [2/2 палуб] готов к бою на (8,6)
  * Корабль #205: [2/2 палуб] готов к бою на (0,2)
  * Корабль #206: [2/2 палуб] готов к бою на (4,6)
  * Корабль #207: [1/1 палуб] готов к бою на (4,1)
  * Корабль #208: [1/1 палуб] готов к бою на (8,4)
  * Корабль #209: [1/1 палуб] готов к бою на (0,7)
  * Корабль #210: [1/1 палуб] готов к бою на (9,0)
  Сформированные цели флота Флот Браво (Южный (20 выстрелов):
    -> Корабль #201 целится в (6, 4)
    -> Корабль #201 целится в (5, 0)
    -> Корабль #201 целится в (1, 0)
    -> Корабль #201 целится в (6, 8)
    -> Корабль #202 целится в (9, 2)
    -> Корабль #202 целится в (4, 6)
    -> Корабль #202 целится в (5, 9)
    -> Корабль #203 целится в (2, 6)
    -> Корабль #203 целится в (7, 1)
    -> Корабль #203 целится в (8, 1)
    -> Корабль #204 целится в (3, 1)
    -> Корабль #204 целится в (4, 1)
    -> Корабль #205 целится в (9, 5)
    -> Корабль #205 целится в (5, 6)
    -> Корабль #206 целится в (1, 1)
    -> Корабль #206 целится в (2, 9)
    -> Корабль #207 целится в (7, 9)
    -> Корабль #208 целится в (9, 0)
    -> Корабль #209 целится в (9, 5)
    -> Корабль #210 целится в (0, 9)
  [Залп] Флот Альфа (Север (Корабль #101) -> (4, 8): ПРОМАХ
  [Залп] Флот Альфа (Север (Корабль #101) -> (2, 8): ПРОМАХ
  [Залп] Флот Альфа (Север (Корабль #101) -> (4, 9): ПРОМАХ
  [Залп] Флот Альфа (Север (Корабль #101) -> (5, 1): ПРОМАХ
  [Залп] Флот Альфа (Север (Корабль #102) -> (7, 0): ПРОМАХ
  [Залп] Флот Альфа (Север (Корабль #102) -> (8, 0): ПРОМАХ
  [Залп] Флот Альфа (Север (Корабль #102) -> (4, 5): ПРОМАХ
  [Залп] Флот Альфа (Север (Корабль #103) -> (3, 4): ПОПАДАНИЕ (РАНЕН) (цель: корабль #203)
    [Боеспособность] Корабль #203: осталось 2/3 палуб
  [Залп] Флот Альфа (Север (Корабль #103) -> (5, 7): ПРОМАХ
  [Залп] Флот Альфа (Север (Корабль #103) -> (6, 4): ПРОМАХ
  [Залп] Флот Альфа (Север (Корабль #104) -> (6, 3): ПРОМАХ
  [Залп] Флот Альфа (Север (Корабль #104) -> (5, 4): ПРОМАХ
  [Залп] Флот Альфа (Север (Корабль #105) -> (9, 5): ПРОМАХ
  [Залп] Флот Альфа (Север (Корабль #105) -> (9, 2): ПОПАДАНИЕ (РАНЕН) (цель: корабль #201)
    [Боеспособность] Корабль #201: осталось 3/4 палуб
  [Залп] Флот Альфа (Север (Корабль #106) -> (0, 0): ПРОМАХ
  [Залп] Флот Альфа (Север (Корабль #106) -> (3, 0): ПРОМАХ
  [Залп] Флот Альфа (Север (Корабль #107) -> (8, 5): ПРОМАХ
  [Залп] Флот Альфа (Север (Корабль #108) -> (2, 0): ПРОМАХ
  [Залп] Флот Альфа (Север (Корабль #109) -> (7, 6): ПРОМАХ
  [Залп] Флот Альфа (Север (Корабль #110) -> (1, 0): ПРОМАХ
  [Залп] Флот Браво (Южный (Корабль #201) -> (6, 4): ПОПАДАНИЕ (РАНЕН) (цель: корабль #101)
    [Боеспособность] Корабль #101: осталось 3/4 палуб
  [Залп] Флот Браво (Южный (Корабль #201) -> (5, 0): ПРОМАХ
  [Залп] Флот Браво (Южный (Корабль #201) -> (1, 0): ПОПАДАНИЕ (РАНЕН) (цель: корабль #108)
    [Боеспособность] Корабль #108: осталось 0/1 палуб
    [КАТАСТРОФА] Корабль #108 ПОЛНОСТЬЮ УНИЧТОЖЕН!
  [Залп] Флот Браво (Южный (Корабль #201) -> (6, 8): ПРОМАХ
  [Залп] Флот Браво (Южный (Корабль #202) -> (9, 2): ПОПАДАНИЕ (РАНЕН) (цель: корабль #106)
    [Боеспособность] Корабль #106: осталось 1/2 палуб
  [Залп] Флот Браво (Южный (Корабль #202) -> (4, 6): ПРОМАХ
  [Залп] Флот Браво (Южный (Корабль #202) -> (5, 9): ПРОМАХ
  [Залп] Флот Браво (Южный (Корабль #203) -> (2, 6): ПРОМАХ
  [Залп] Флот Браво (Южный (Корабль #203) -> (7, 1): ПРОМАХ
  [Залп] Флот Браво (Южный (Корабль #203) -> (8, 1): ПРОМАХ
  [Залп] Флот Браво (Южный (Корабль #204) -> (3, 1): ПРОМАХ
  [Залп] Флот Браво (Южный (Корабль #204) -> (4, 1): ПРОМАХ
  [Залп] Флот Браво (Южный (Корабль #205) -> (9, 5): ПРОМАХ
  [Залп] Флот Браво (Южный (Корабль #205) -> (5, 6): ПРОМАХ
  [Залп] Флот Браво (Южный (Корабль #206) -> (1, 1): ПРОМАХ
  [Залп] Флот Браво (Южный (Корабль #206) -> (2, 9): ПРОМАХ
  [Залп] Флот Браво (Южный (Корабль #207) -> (7, 9): ПОПАДАНИЕ (РАНЕН) (цель: корабль #105)
    [Боеспособность] Корабль #105: осталось 1/2 палуб
  [Залп] Флот Браво (Южный (Корабль #208) -> (9, 0): ПРОМАХ
  [Залп] Флот Браво (Южный (Корабль #209) -> (9, 5): ПОВТОРНЫЙ ВЫСТРЕЛ
  [Залп] Флот Браво (Южный (Корабль #210) -> (0, 9): ПРОМАХ

----------------------------------------------------------------
Сводное состояние флотов:
  * Флот Альфа (Север: Живых кораблей: 9/10, Уцелевших палуб: 16
  * Флот Браво (Южный: Живых кораблей: 10/10, Уцелевших палуб: 18
----------------------------------------------------------------

================================================================
>>> НАЧАЛО РАУНДА 2 <<<
================================================================
--- Готовность флота Флот Альфа (Север ---
  * Корабль #101: [3/4 палуб] готов к бою на (6,4)
  * Корабль #102: [3/3 палуб] готов к бою на (0,5)
  * Корабль #103: [3/3 палуб] готов к бою на (1,2)
  * Корабль #104: [2/2 палуб] готов к бою на (9,6)
  * Корабль #105: [1/2 палуб] готов к бою на (6,9)
  * Корабль #106: [1/2 палуб] готов к бою на (9,2)
  * Корабль #107: [1/1 палуб] готов к бою на (8,0)
  * Корабль #109: [1/1 палуб] готов к бою на (3,8)
  * Корабль #110: [1/1 палуб] готов к бою на (1,8)
  Сформированные цели флота Флот Альфа (Север (16 выстрелов):
    -> Корабль #101 целится в (9, 3)
    -> Корабль #101 целится в (9, 1)
    -> Корабль #101 целится в (8, 2)
    -> Корабль #102 целится в (0, 1)
    -> Корабль #102 целится в (7, 1)
    -> Корабль #102 целится в (4, 0)
    -> Корабль #103 целится в (1, 1)
    -> Корабль #103 целится в (5, 0)
    -> Корабль #103 целится в (8, 1)
    -> Корабль #104 целится в (0, 2)
    -> Корабль #104 целится в (2, 1)
    -> Корабль #105 целится в (3, 1)
    -> Корабль #106 целится в (4, 1)
    -> Корабль #107 целится в (6, 0)
    -> Корабль #109 целится в (6, 1)
    -> Корабль #110 целится в (9, 0)
--- Готовность флота Флот Браво (Южный ---
  * Корабль #201: [3/4 палуб] готов к бою на (6,2)
  * Корабль #202: [3/3 палуб] готов к бою на (5,9)
  * Корабль #203: [2/3 палуб] готов к бою на (2,4)
  * Корабль #204: [2/2 палуб] готов к бою на (8,6)
  * Корабль #205: [2/2 палуб] готов к бою на (0,2)
  * Корабль #206: [2/2 палуб] готов к бою на (4,6)
  * Корабль #207: [1/1 палуб] готов к бою на (4,1)
  * Корабль #208: [1/1 палуб] готов к бою на (8,4)
  * Корабль #209: [1/1 палуб] готов к бою на (0,7)
  * Корабль #210: [1/1 палуб] готов к бою на (9,0)
  Сформированные цели флота Флот Браво (Южный (18 выстрелов):
    -> Корабль #201 целится в (8, 0)
    -> Корабль #201 целится в (6, 1)
    -> Корабль #201 целится в (6, 2)
    -> Корабль #202 целится в (2, 9)
    -> Корабль #202 целится в (2, 2)
    -> Корабль #202 целится в (9, 0)
    -> Корабль #203 целится в (4, 8)
    -> Корабль #203 целится в (4, 7)
    -> Корабль #204 целится в (6, 6)
    -> Корабль #204 целится в (8, 5)
    -> Корабль #205 целится в (7, 6)
    -> Корабль #205 целится в (0, 2)
    -> Корабль #206 целится в (1, 5)
    -> Корабль #206 целится в (6, 3)
    -> Корабль #207 целится в (3, 0)
    -> Корабль #208 целится в (0, 3)
    -> Корабль #209 целится в (2, 8)
    -> Корабль #210 целится в (4, 8)
  [Залп] Флот Альфа (Север (Корабль #101) -> (9, 3): ПРОМАХ
  [Залп] Флот Альфа (Север (Корабль #101) -> (9, 1): ПРОМАХ
  [Залп] Флот Альфа (Север (Корабль #101) -> (8, 2): ПОПАДАНИЕ (РАНЕН) (цель: корабль #201)
    [Боеспособность] Корабль #201: осталось 2/4 палуб
  [Залп] Флот Альфа (Север (Корабль #102) -> (0, 1): ПРОМАХ
  [Залп] Флот Альфа (Север (Корабль #102) -> (7, 1): ПРОМАХ
  [Залп] Флот Альфа (Север (Корабль #102) -> (4, 0): ПРОМАХ
  [Залп] Флот Альфа (Север (Корабль #103) -> (1, 1): ПРОМАХ
  [Залп] Флот Альфа (Север (Корабль #103) -> (5, 0): ПРОМАХ
  [Залп] Флот Альфа (Север (Корабль #103) -> (8, 1): ПРОМАХ
  [Залп] Флот Альфа (Север (Корабль #104) -> (0, 2): ПОПАДАНИЕ (РАНЕН) (цель: корабль #205)
    [Боеспособность] Корабль #205: осталось 1/2 палуб
  [Залп] Флот Альфа (Север (Корабль #104) -> (2, 1): ПРОМАХ
  [Залп] Флот Альфа (Север (Корабль #105) -> (3, 1): ПРОМАХ
  [Залп] Флот Альфа (Север (Корабль #106) -> (4, 1): ПОПАДАНИЕ (РАНЕН) (цель: корабль #207)
    [Боеспособность] Корабль #207: осталось 0/1 палуб
    [КАТАСТРОФА] Корабль #207 ПОЛНОСТЬЮ УНИЧТОЖЕН!
  [Залп] Флот Альфа (Север (Корабль #107) -> (6, 0): ПРОМАХ
  [Залп] Флот Альфа (Север (Корабль #109) -> (6, 1): ПРОМАХ
  [Залп] Флот Альфа (Север (Корабль #110) -> (9, 0): ПОПАДАНИЕ (РАНЕН) (цель: корабль #210)
    [Боеспособность] Корабль #210: осталось 0/1 палуб
    [КАТАСТРОФА] Корабль #210 ПОЛНОСТЬЮ УНИЧТОЖЕН!
  [Залп] Флот Браво (Южный (Корабль #201) -> (8, 0): ПОПАДАНИЕ (РАНЕН) (цель: корабль #107)
    [Боеспособность] Корабль #107: осталось 0/1 палуб
    [КАТАСТРОФА] Корабль #107 ПОЛНОСТЬЮ УНИЧТОЖЕН!
  [Залп] Флот Браво (Южный (Корабль #201) -> (6, 1): ПРОМАХ
  [Залп] Флот Браво (Южный (Корабль #201) -> (6, 2): ПРОМАХ
  [Залп] Флот Браво (Южный (Корабль #202) -> (2, 9): ПОВТОРНЫЙ ВЫСТРЕЛ
  [Залп] Флот Браво (Южный (Корабль #202) -> (2, 2): ПОПАДАНИЕ (РАНЕН) (цель: корабль #103)
    [Боеспособность] Корабль #103: осталось 2/3 палуб
  [Залп] Флот Браво (Южный (Корабль #202) -> (9, 0): ПОВТОРНЫЙ ВЫСТРЕЛ
  [Залп] Флот Браво (Южный (Корабль #203) -> (4, 8): ПРОМАХ
  [Залп] Флот Браво (Южный (Корабль #203) -> (4, 7): ПРОМАХ
  [Залп] Флот Браво (Южный (Корабль #204) -> (6, 6): ПОПАДАНИЕ (РАНЕН) (цель: корабль #101)
    [Боеспособность] Корабль #101: осталось 2/4 палуб
  [Залп] Флот Браво (Южный (Корабль #204) -> (8, 5): ПРОМАХ
  [Залп] Флот Браво (Южный (Корабль #205) -> (7, 6): ПРОМАХ
  [Залп] Флот Браво (Южный (Корабль #205) -> (0, 2): ПРОМАХ
  [Залп] Флот Браво (Южный (Корабль #206) -> (1, 5): ПОПАДАНИЕ (РАНЕН) (цель: корабль #102)
    [Боеспособность] Корабль #102: осталось 2/3 палуб
  [Залп] Флот Браво (Южный (Корабль #206) -> (6, 3): ПРОМАХ
  [Залп] Флот Браво (Южный (Корабль #207) -> (3, 0): ПРОМАХ
  [Залп] Флот Браво (Южный (Корабль #208) -> (0, 3): ПРОМАХ
  [Залп] Флот Браво (Южный (Корабль #209) -> (2, 8): ПРОМАХ
  [Залп] Флот Браво (Южный (Корабль #210) -> (4, 8): ПОВТОРНЫЙ ВЫСТРЕЛ

----------------------------------------------------------------
Сводное состояние флотов:
  * Флот Альфа (Север: Живых кораблей: 8/10, Уцелевших палуб: 12
  * Флот Браво (Южный: Живых кораблей: 8/10, Уцелевших палуб: 14
----------------------------------------------------------------

================================================================
>>> НАЧАЛО РАУНДА 3 <<<
================================================================
--- Готовность флота Флот Альфа (Север ---
  * Корабль #101: [2/4 палуб] готов к бою на (6,4)
  * Корабль #102: [2/3 палуб] готов к бою на (0,5)
  * Корабль #103: [2/3 палуб] готов к бою на (1,2)
  * Корабль #104: [2/2 палуб] готов к бою на (9,6)
  * Корабль #105: [1/2 палуб] готов к бою на (6,9)
  * Корабль #106: [1/2 палуб] готов к бою на (9,2)
  * Корабль #109: [1/1 палуб] готов к бою на (3,8)
  * Корабль #110: [1/1 палуб] готов к бою на (1,8)
  Сформированные цели флота Флот Альфа (Север (12 выстрелов):
    -> Корабль #101 целится в (9, 1)
    -> Корабль #101 целится в (8, 0)
    -> Корабль #102 целится в (1, 2)
    -> Корабль #102 целится в (6, 2)
    -> Корабль #103 целится в (2, 2)
    -> Корабль #103 целится в (7, 2)
    -> Корабль #104 целится в (3, 2)
    -> Корабль #104 целится в (0, 3)
    -> Корабль #105 целится в (1, 3)
    -> Корабль #106 целится в (4, 2)
    -> Корабль #109 целится в (2, 3)
    -> Корабль #110 целится в (5, 2)
--- Готовность флота Флот Браво (Южный ---
  * Корабль #201: [2/4 палуб] готов к бою на (6,2)
  * Корабль #202: [3/3 палуб] готов к бою на (5,9)
  * Корабль #203: [2/3 палуб] готов к бою на (2,4)
  * Корабль #204: [2/2 палуб] готов к бою на (8,6)
  * Корабль #205: [1/2 палуб] готов к бою на (0,2)
  * Корабль #206: [2/2 палуб] готов к бою на (4,6)
  * Корабль #208: [1/1 палуб] готов к бою на (8,4)
  * Корабль #209: [1/1 палуб] готов к бою на (0,7)
  Сформированные цели флота Флот Браво (Южный (14 выстрелов):
    -> Корабль #201 целится в (0, 3)
    -> Корабль #201 целится в (5, 4)
    -> Корабль #202 целится в (3, 0)
    -> Корабль #202 целится в (4, 3)
    -> Корабль #202 целится в (0, 0)
    -> Корабль #203 целится в (1, 2)
    -> Корабль #203 целится в (9, 3)
    -> Корабль #204 целится в (3, 4)
    -> Корабль #204 целится в (6, 7)
    -> Корабль #205 целится в (6, 8)
    -> Корабль #206 целится в (5, 1)
    -> Корабль #206 целится в (0, 0)
    -> Корабль #208 целится в (4, 1)
    -> Корабль #209 целится в (8, 0)
  [Залп] Флот Альфа (Север (Корабль #101) -> (9, 1): ПОВТОРНЫЙ ВЫСТРЕЛ
  [Залп] Флот Альфа (Север (Корабль #101) -> (8, 0): ПОВТОРНЫЙ ВЫСТРЕЛ
  [Залп] Флот Альфа (Север (Корабль #102) -> (1, 2): ПРОМАХ
  [Залп] Флот Альфа (Север (Корабль #102) -> (6, 2): ПОПАДАНИЕ (РАНЕН) (цель: корабль #201)
    [Боеспособность] Корабль #201: осталось 0/4 палуб
  [Залп] Флот Альфа (Север (Корабль #103) -> (2, 2): ПРОМАХ
  [Залп] Флот Альфа (Север (Корабль #103) -> (7, 2): ПОПАДАНИЕ (РАНЕН) (цель: корабль #201)
    [Боеспособность] Корабль #201: осталось 0/4 палуб
    [КАТАСТРОФА] Корабль #201 ПОЛНОСТЬЮ УНИЧТОЖЕН!
  [Залп] Флот Альфа (Север (Корабль #104) -> (3, 2): ПРОМАХ
  [Залп] Флот Альфа (Север (Корабль #104) -> (0, 3): ПОПАДАНИЕ (РАНЕН) (цель: корабль #205)
    [Боеспособность] Корабль #205: осталось 0/2 палуб
    [КАТАСТРОФА] Корабль #205 ПОЛНОСТЬЮ УНИЧТОЖЕН!
  [Залп] Флот Альфа (Север (Корабль #105) -> (1, 3): ПРОМАХ
  [Залп] Флот Альфа (Север (Корабль #106) -> (4, 2): ПРОМАХ
  [Залп] Флот Альфа (Север (Корабль #109) -> (2, 3): ПРОМАХ
  [Залп] Флот Альфа (Север (Корабль #110) -> (5, 2): ПРОМАХ
  [Залп] Флот Браво (Южный (Корабль #201) -> (0, 3): ПОВТОРНЫЙ ВЫСТРЕЛ
  [Залп] Флот Браво (Южный (Корабль #201) -> (5, 4): ПРОМАХ
  [Залп] Флот Браво (Южный (Корабль #202) -> (3, 0): ПОВТОРНЫЙ ВЫСТРЕЛ
  [Залп] Флот Браво (Южный (Корабль #202) -> (4, 3): ПРОМАХ
  [Залп] Флот Браво (Южный (Корабль #202) -> (0, 0): ПРОМАХ
  [Залп] Флот Браво (Южный (Корабль #203) -> (1, 2): ПОПАДАНИЕ (РАНЕН) (цель: корабль #103)
    [Боеспособность] Корабль #103: осталось 1/3 палуб
  [Залп] Флот Браво (Южный (Корабль #203) -> (9, 3): ПОПАДАНИЕ (РАНЕН) (цель: корабль #106)
    [Боеспособность] Корабль #106: осталось 0/2 палуб
    [КАТАСТРОФА] Корабль #106 ПОЛНОСТЬЮ УНИЧТОЖЕН!
  [Залп] Флот Браво (Южный (Корабль #204) -> (3, 4): ПРОМАХ
  [Залп] Флот Браво (Южный (Корабль #204) -> (6, 7): ПОПАДАНИЕ (РАНЕН) (цель: корабль #101)
    [Боеспособность] Корабль #101: осталось 1/4 палуб
  [Залп] Флот Браво (Южный (Корабль #205) -> (6, 8): ПОВТОРНЫЙ ВЫСТРЕЛ
  [Залп] Флот Браво (Южный (Корабль #206) -> (5, 1): ПРОМАХ
  [Залп] Флот Браво (Южный (Корабль #206) -> (0, 0): ПОВТОРНЫЙ ВЫСТРЕЛ
  [Залп] Флот Браво (Южный (Корабль #208) -> (4, 1): ПОВТОРНЫЙ ВЫСТРЕЛ
  [Залп] Флот Браво (Южный (Корабль #209) -> (8, 0): ПОВТОРНЫЙ ВЫСТРЕЛ

----------------------------------------------------------------
Сводное состояние флотов:
  * Флот Альфа (Север: Живых кораблей: 7/10, Уцелевших палуб: 9
  * Флот Браво (Южный: Живых кораблей: 6/10, Уцелевших палуб: 11
----------------------------------------------------------------

================================================================
>>> НАЧАЛО РАУНДА 4 <<<
================================================================
--- Готовность флота Флот Альфа (Север ---
  * Корабль #101: [1/4 палуб] готов к бою на (6,4)
  * Корабль #102: [2/3 палуб] готов к бою на (0,5)
  * Корабль #103: [1/3 палуб] готов к бою на (1,2)
  * Корабль #104: [2/2 палуб] готов к бою на (9,6)
  * Корабль #105: [1/2 палуб] готов к бою на (6,9)
  * Корабль #109: [1/1 палуб] готов к бою на (3,8)
  * Корабль #110: [1/1 палуб] готов к бою на (1,8)
  Сформированные цели флота Флот Альфа (Север (9 выстрелов):
    -> Корабль #101 целится в (9, 1)
    -> Корабль #102 целится в (3, 3)
    -> Корабль #102 целится в (8, 0)
    -> Корабль #103 целится в (0, 4)
    -> Корабль #104 целится в (4, 3)
    -> Корабль #104 целится в (1, 4)
    -> Корабль #105 целится в (5, 3)
    -> Корабль #109 целится в (7, 3)
    -> Корабль #110 целится в (8, 3)
--- Готовность флота Флот Браво (Южный ---
  * Корабль #202: [3/3 палуб] готов к бою на (5,9)
  * Корабль #203: [2/3 палуб] готов к бою на (2,4)
  * Корабль #204: [2/2 палуб] готов к бою на (8,6)
  * Корабль #206: [2/2 палуб] готов к бою на (4,6)
  * Корабль #208: [1/1 палуб] готов к бою на (8,4)
  * Корабль #209: [1/1 палуб] готов к бою на (0,7)
  Сформированные цели флота Флот Браво (Южный (11 выстрелов):
    -> Корабль #202 целится в (8, 0)
    -> Корабль #202 целится в (9, 4)
    -> Корабль #202 целится в (0, 8)
    -> Корабль #203 целится в (2, 3)
    -> Корабль #203 целится в (9, 9)
    -> Корабль #204 целится в (8, 0)
    -> Корабль #204 целится в (4, 7)
    -> Корабль #206 целится в (6, 5)
    -> Корабль #206 целится в (4, 9)
    -> Корабль #208 целится в (1, 2)
    -> Корабль #209 целится в (5, 7)
  [Залп] Флот Альфа (Север (Корабль #101) -> (9, 1): ПОВТОРНЫЙ ВЫСТРЕЛ
  [Залп] Флот Альфа (Север (Корабль #102) -> (3, 3): ПРОМАХ
  [Залп] Флот Альфа (Север (Корабль #102) -> (8, 0): ПОВТОРНЫЙ ВЫСТРЕЛ
  [Залп] Флот Альфа (Север (Корабль #103) -> (0, 4): ПРОМАХ
  [Залп] Флот Альфа (Север (Корабль #104) -> (4, 3): ПРОМАХ
  [Залп] Флот Альфа (Север (Корабль #104) -> (1, 4): ПРОМАХ
  [Залп] Флот Альфа (Север (Корабль #105) -> (5, 3): ПРОМАХ
  [Залп] Флот Альфа (Север (Корабль #109) -> (7, 3): ПРОМАХ
  [Залп] Флот Альфа (Север (Корабль #110) -> (8, 3): ПРОМАХ
  [Залп] Флот Браво (Южный (Корабль #202) -> (8, 0): ПОВТОРНЫЙ ВЫСТРЕЛ
  [Залп] Флот Браво (Южный (Корабль #202) -> (9, 4): ПРОМАХ
  [Залп] Флот Браво (Южный (Корабль #202) -> (0, 8): ПРОМАХ
  [Залп] Флот Браво (Южный (Корабль #203) -> (2, 3): ПРОМАХ
  [Залп] Флот Браво (Южный (Корабль #203) -> (9, 9): ПРОМАХ
  [Залп] Флот Браво (Южный (Корабль #204) -> (8, 0): ПОВТОРНЫЙ ВЫСТРЕЛ
  [Залп] Флот Браво (Южный (Корабль #204) -> (4, 7): ПОВТОРНЫЙ ВЫСТРЕЛ
  [Залп] Флот Браво (Южный (Корабль #206) -> (6, 5): ПОПАДАНИЕ (РАНЕН) (цель: корабль #101)
    [Боеспособность] Корабль #101: осталось 0/4 палуб
    [КАТАСТРОФА] Корабль #101 ПОЛНОСТЬЮ УНИЧТОЖЕН!
  [Залп] Флот Браво (Южный (Корабль #206) -> (4, 9): ПРОМАХ
  [Залп] Флот Браво (Южный (Корабль #208) -> (1, 2): ПОВТОРНЫЙ ВЫСТРЕЛ
  [Залп] Флот Браво (Южный (Корабль #209) -> (5, 7): ПРОМАХ

----------------------------------------------------------------
Сводное состояние флотов:
  * Флот Альфа (Север: Живых кораблей: 6/10, Уцелевших палуб: 8
  * Флот Браво (Южный: Живых кораблей: 6/10, Уцелевших палуб: 11
----------------------------------------------------------------

================================================================
>>> НАЧАЛО РАУНДА 5 <<<
================================================================
--- Готовность флота Флот Альфа (Север ---
  * Корабль #102: [2/3 палуб] готов к бою на (0,5)
  * Корабль #103: [1/3 палуб] готов к бою на (1,2)
  * Корабль #104: [2/2 палуб] готов к бою на (9,6)
  * Корабль #105: [1/2 палуб] готов к бою на (6,9)
  * Корабль #109: [1/1 палуб] готов к бою на (3,8)
  * Корабль #110: [1/1 палуб] готов к бою на (1,8)
  Сформированные цели флота Флот Альфа (Север (8 выстрелов):
    -> Корабль #102 целится в (9, 1)
    -> Корабль #102 целится в (8, 0)
    -> Корабль #103 целится в (9, 4)
    -> Корабль #104 целится в (0, 5)
    -> Корабль #104 целится в (2, 4)
    -> Корабль #105 целится в (4, 4)
    -> Корабль #109 целится в (7, 4)
    -> Корабль #110 целится в (8, 4)
--- Готовность флота Флот Браво (Южный ---
  * Корабль #202: [3/3 палуб] готов к бою на (5,9)
  * Корабль #203: [2/3 палуб] готов к бою на (2,4)
  * Корабль #204: [2/2 палуб] готов к бою на (8,6)
  * Корабль #206: [2/2 палуб] готов к бою на (4,6)
  * Корабль #208: [1/1 палуб] готов к бою на (8,4)
  * Корабль #209: [1/1 палуб] готов к бою на (0,7)
  Сформированные цели флота Флот Браво (Южный (11 выстрелов):
    -> Корабль #202 целится в (6, 2)
    -> Корабль #202 целится в (1, 9)
    -> Корабль #202 целится в (1, 8)
    -> Корабль #203 целится в (5, 4)
    -> Корабль #203 целится в (4, 6)
    -> Корабль #204 целится в (7, 4)
    -> Корабль #204 целится в (9, 1)
    -> Корабль #206 целится в (8, 9)
    -> Корабль #206 целится в (2, 3)
    -> Корабль #208 целится в (5, 2)
    -> Корабль #209 целится в (3, 8)
  [Залп] Флот Альфа (Север (Корабль #102) -> (9, 1): ПОВТОРНЫЙ ВЫСТРЕЛ
  [Залп] Флот Альфа (Север (Корабль #102) -> (8, 0): ПОВТОРНЫЙ ВЫСТРЕЛ
  [Залп] Флот Альфа (Север (Корабль #103) -> (9, 4): ПРОМАХ
  [Залп] Флот Альфа (Север (Корабль #104) -> (0, 5): ПРОМАХ
  [Залп] Флот Альфа (Север (Корабль #104) -> (2, 4): ПОПАДАНИЕ (РАНЕН) (цель: корабль #203)
    [Боеспособность] Корабль #203: осталось 0/3 палуб
  [Залп] Флот Альфа (Север (Корабль #105) -> (4, 4): ПОПАДАНИЕ (РАНЕН) (цель: корабль #203)
    [Боеспособность] Корабль #203: осталось 0/3 палуб
    [КАТАСТРОФА] Корабль #203 ПОЛНОСТЬЮ УНИЧТОЖЕН!
  [Залп] Флот Альфа (Север (Корабль #109) -> (7, 4): ПРОМАХ
  [Залп] Флот Альфа (Север (Корабль #110) -> (8, 4): ПОПАДАНИЕ (РАНЕН) (цель: корабль #208)
    [Боеспособность] Корабль #208: осталось 0/1 палуб
    [КАТАСТРОФА] Корабль #208 ПОЛНОСТЬЮ УНИЧТОЖЕН!
  [Залп] Флот Браво (Южный (Корабль #202) -> (6, 2): ПОВТОРНЫЙ ВЫСТРЕЛ
  [Залп] Флот Браво (Южный (Корабль #202) -> (1, 9): ПРОМАХ
  [Залп] Флот Браво (Южный (Корабль #202) -> (1, 8): ПОПАДАНИЕ (РАНЕН) (цель: корабль #110)
    [Боеспособность] Корабль #110: осталось 0/1 палуб
    [КАТАСТРОФА] Корабль #110 ПОЛНОСТЬЮ УНИЧТОЖЕН!
  [Залп] Флот Браво (Южный (Корабль #203) -> (5, 4): ПОВТОРНЫЙ ВЫСТРЕЛ
  [Залп] Флот Браво (Южный (Корабль #203) -> (4, 6): ПОВТОРНЫЙ ВЫСТРЕЛ
  [Залп] Флот Браво (Южный (Корабль #204) -> (7, 4): ПРОМАХ
  [Залп] Флот Браво (Южный (Корабль #204) -> (9, 1): ПРОМАХ
  [Залп] Флот Браво (Южный (Корабль #206) -> (8, 9): ПРОМАХ
  [Залп] Флот Браво (Южный (Корабль #206) -> (2, 3): ПОВТОРНЫЙ ВЫСТРЕЛ
  [Залп] Флот Браво (Южный (Корабль #208) -> (5, 2): ПРОМАХ
  [Залп] Флот Браво (Южный (Корабль #209) -> (3, 8): ПОПАДАНИЕ (РАНЕН) (цель: корабль #109)
    [Боеспособность] Корабль #109: осталось 0/1 палуб
    [КАТАСТРОФА] Корабль #109 ПОЛНОСТЬЮ УНИЧТОЖЕН!

----------------------------------------------------------------
Сводное состояние флотов:
  * Флот Альфа (Север: Живых кораблей: 4/10, Уцелевших палуб: 6
  * Флот Браво (Южный: Живых кораблей: 4/10, Уцелевших палуб: 8
----------------------------------------------------------------

================================================================
>>> НАЧАЛО РАУНДА 6 <<<
================================================================
--- Готовность флота Флот Альфа (Север ---
  * Корабль #102: [2/3 палуб] готов к бою на (0,5)
  * Корабль #103: [1/3 палуб] готов к бою на (1,2)
  * Корабль #104: [2/2 палуб] готов к бою на (9,6)
  * Корабль #105: [1/2 палуб] готов к бою на (6,9)
  Сформированные цели флота Флот Альфа (Север (6 выстрелов):
    -> Корабль #102 целится в (9, 1)
    -> Корабль #102 целится в (8, 0)
    -> Корабль #103 целится в (1, 5)
    -> Корабль #104 целится в (2, 5)
    -> Корабль #104 целится в (3, 5)
    -> Корабль #105 целится в (5, 5)
--- Готовность флота Флот Браво (Южный ---
  * Корабль #202: [3/3 палуб] готов к бою на (5,9)
  * Корабль #204: [2/2 палуб] готов к бою на (8,6)
  * Корабль #206: [2/2 палуб] готов к бою на (4,6)
  * Корабль #209: [1/1 палуб] готов к бою на (0,7)
  Сформированные цели флота Флот Браво (Южный (8 выстрелов):
    -> Корабль #202 целится в (5, 7)
    -> Корабль #202 целится в (3, 7)
    -> Корабль #202 целится в (9, 0)
    -> Корабль #204 целится в (0, 7)
    -> Корабль #204 целится в (2, 7)
    -> Корабль #206 целится в (4, 3)
    -> Корабль #206 целится в (0, 2)
    -> Корабль #209 целится в (7, 2)
  [Залп] Флот Альфа (Север (Корабль #102) -> (9, 1): ПОВТОРНЫЙ ВЫСТРЕЛ
  [Залп] Флот Альфа (Север (Корабль #102) -> (8, 0): ПОВТОРНЫЙ ВЫСТРЕЛ
  [Залп] Флот Альфа (Север (Корабль #103) -> (1, 5): ПРОМАХ
  [Залп] Флот Альфа (Север (Корабль #104) -> (2, 5): ПРОМАХ
  [Залп] Флот Альфа (Север (Корабль #104) -> (3, 5): ПРОМАХ
  [Залп] Флот Альфа (Север (Корабль #105) -> (5, 5): ПРОМАХ
  [Залп] Флот Браво (Южный (Корабль #202) -> (5, 7): ПОВТОРНЫЙ ВЫСТРЕЛ
  [Залп] Флот Браво (Южный (Корабль #202) -> (3, 7): ПРОМАХ
  [Залп] Флот Браво (Южный (Корабль #202) -> (9, 0): ПОВТОРНЫЙ ВЫСТРЕЛ
  [Залп] Флот Браво (Южный (Корабль #204) -> (0, 7): ПРОМАХ
  [Залп] Флот Браво (Южный (Корабль #204) -> (2, 7): ПРОМАХ
  [Залп] Флот Браво (Южный (Корабль #206) -> (4, 3): ПОВТОРНЫЙ ВЫСТРЕЛ
  [Залп] Флот Браво (Южный (Корабль #206) -> (0, 2): ПОВТОРНЫЙ ВЫСТРЕЛ
  [Залп] Флот Браво (Южный (Корабль #209) -> (7, 2): ПРОМАХ

----------------------------------------------------------------
Сводное состояние флотов:
  * Флот Альфа (Север: Живых кораблей: 4/10, Уцелевших палуб: 6
  * Флот Браво (Южный: Живых кораблей: 4/10, Уцелевших палуб: 8
----------------------------------------------------------------

================================================================
>>> НАЧАЛО РАУНДА 7 <<<
================================================================
--- Готовность флота Флот Альфа (Север ---
  * Корабль #102: [2/3 палуб] готов к бою на (0,5)
  * Корабль #103: [1/3 палуб] готов к бою на (1,2)
  * Корабль #104: [2/2 палуб] готов к бою на (9,6)
  * Корабль #105: [1/2 палуб] готов к бою на (6,9)
  Сформированные цели флота Флот Альфа (Север (6 выстрелов):
    -> Корабль #102 целится в (9, 1)
    -> Корабль #102 целится в (8, 0)
    -> Корабль #103 целится в (0, 6)
    -> Корабль #104 целится в (6, 5)
    -> Корабль #104 целится в (1, 6)
    -> Корабль #105 целится в (7, 5)
--- Готовность флота Флот Браво (Южный ---
  * Корабль #202: [3/3 палуб] готов к бою на (5,9)
  * Корабль #204: [2/2 палуб] готов к бою на (8,6)
  * Корабль #206: [2/2 палуб] готов к бою на (4,6)
  * Корабль #209: [1/1 палуб] готов к бою на (0,7)
  Сформированные цели флота Флот Браво (Южный (8 выстрелов):
    -> Корабль #202 целится в (6, 7)
    -> Корабль #202 целится в (2, 1)
    -> Корабль #202 целится в (4, 0)
    -> Корабль #204 целится в (0, 8)
    -> Корабль #204 целится в (5, 5)
    -> Корабль #206 целится в (6, 0)
    -> Корабль #206 целится в (8, 7)
    -> Корабль #209 целится в (8, 6)
  [Залп] Флот Альфа (Север (Корабль #102) -> (9, 1): ПОВТОРНЫЙ ВЫСТРЕЛ
  [Залп] Флот Альфа (Север (Корабль #102) -> (8, 0): ПОВТОРНЫЙ ВЫСТРЕЛ
  [Залп] Флот Альфа (Север (Корабль #103) -> (0, 6): ПРОМАХ
  [Залп] Флот Альфа (Север (Корабль #104) -> (6, 5): ПРОМАХ
  [Залп] Флот Альфа (Север (Корабль #104) -> (1, 6): ПРОМАХ
  [Залп] Флот Альфа (Север (Корабль #105) -> (7, 5): ПРОМАХ
  [Залп] Флот Браво (Южный (Корабль #202) -> (6, 7): ПОВТОРНЫЙ ВЫСТРЕЛ
  [Залп] Флот Браво (Южный (Корабль #202) -> (2, 1): ПРОМАХ
  [Залп] Флот Браво (Южный (Корабль #202) -> (4, 0): ПРОМАХ
  [Залп] Флот Браво (Южный (Корабль #204) -> (0, 8): ПОВТОРНЫЙ ВЫСТРЕЛ
  [Залп] Флот Браво (Южный (Корабль #204) -> (5, 5): ПРОМАХ
  [Залп] Флот Браво (Южный (Корабль #206) -> (6, 0): ПРОМАХ
  [Залп] Флот Браво (Южный (Корабль #206) -> (8, 7): ПРОМАХ
  [Залп] Флот Браво (Южный (Корабль #209) -> (8, 6): ПРОМАХ

----------------------------------------------------------------
Сводное состояние флотов:
  * Флот Альфа (Север: Живых кораблей: 4/10, Уцелевших палуб: 6
  * Флот Браво (Южный: Живых кораблей: 4/10, Уцелевших палуб: 8
----------------------------------------------------------------

================================================================
>>> НАЧАЛО РАУНДА 8 <<<
================================================================
--- Готовность флота Флот Альфа (Север ---
  * Корабль #102: [2/3 палуб] готов к бою на (0,5)
  * Корабль #103: [1/3 палуб] готов к бою на (1,2)
  * Корабль #104: [2/2 палуб] готов к бою на (9,6)
  * Корабль #105: [1/2 палуб] готов к бою на (6,9)
  Сформированные цели флота Флот Альфа (Север (6 выстрелов):
    -> Корабль #102 целится в (8, 0)
    -> Корабль #102 целится в (9, 1)
    -> Корабль #103 целится в (4, 6)
    -> Корабль #104 целится в (5, 6)
    -> Корабль #104 целится в (2, 6)
    -> Корабль #105 целится в (3, 6)
--- Готовность флота Флот Браво (Южный ---
  * Корабль #202: [3/3 палуб] готов к бою на (5,9)
  * Корабль #204: [2/2 палуб] готов к бою на (8,6)
  * Корабль #206: [2/2 палуб] готов к бою на (4,6)
  * Корабль #209: [1/1 палуб] готов к бою на (0,7)
  Сформированные цели флота Флот Браво (Южный (8 выстрелов):
    -> Корабль #202 целится в (8, 8)
    -> Корабль #202 целится в (8, 1)
    -> Корабль #202 целится в (8, 9)
    -> Корабль #204 целится в (0, 1)
    -> Корабль #204 целится в (2, 5)
    -> Корабль #206 целится в (0, 2)
    -> Корабль #206 целится в (4, 2)
    -> Корабль #209 целится в (8, 6)
  [Залп] Флот Альфа (Север (Корабль #102) -> (8, 0): ПОВТОРНЫЙ ВЫСТРЕЛ
  [Залп] Флот Альфа (Север (Корабль #102) -> (9, 1): ПОВТОРНЫЙ ВЫСТРЕЛ
  [Залп] Флот Альфа (Север (Корабль #103) -> (4, 6): ПОПАДАНИЕ (РАНЕН) (цель: корабль #206)
    [Боеспособность] Корабль #206: осталось 0/2 палуб
  [Залп] Флот Альфа (Север (Корабль #104) -> (5, 6): ПОПАДАНИЕ (РАНЕН) (цель: корабль #206)
    [Боеспособность] Корабль #206: осталось 0/2 палуб
    [КАТАСТРОФА] Корабль #206 ПОЛНОСТЬЮ УНИЧТОЖЕН!
  [Залп] Флот Альфа (Север (Корабль #104) -> (2, 6): ПРОМАХ
  [Залп] Флот Альфа (Север (Корабль #105) -> (3, 6): ПРОМАХ
  [Залп] Флот Браво (Южный (Корабль #202) -> (8, 8): ПРОМАХ
  [Залп] Флот Браво (Южный (Корабль #202) -> (8, 1): ПОВТОРНЫЙ ВЫСТРЕЛ
  [Залп] Флот Браво (Южный (Корабль #202) -> (8, 9): ПОВТОРНЫЙ ВЫСТРЕЛ
  [Залп] Флот Браво (Южный (Корабль #204) -> (0, 1): ПРОМАХ
  [Залп] Флот Браво (Южный (Корабль #204) -> (2, 5): ПОПАДАНИЕ (РАНЕН) (цель: корабль #102)
    [Боеспособность] Корабль #102: осталось 1/3 палуб
  [Залп] Флот Браво (Южный (Корабль #206) -> (0, 2): ПОВТОРНЫЙ ВЫСТРЕЛ
  [Залп] Флот Браво (Южный (Корабль #206) -> (4, 2): ПРОМАХ
  [Залп] Флот Браво (Южный (Корабль #209) -> (8, 6): ПОВТОРНЫЙ ВЫСТРЕЛ

----------------------------------------------------------------
Сводное состояние флотов:
  * Флот Альфа (Север: Живых кораблей: 4/10, Уцелевших палуб: 5
  * Флот Браво (Южный: Живых кораблей: 3/10, Уцелевших палуб: 6
----------------------------------------------------------------

================================================================
>>> НАЧАЛО РАУНДА 9 <<<
================================================================
--- Готовность флота Флот Альфа (Север ---
  * Корабль #102: [1/3 палуб] готов к бою на (0,5)
  * Корабль #103: [1/3 палуб] готов к бою на (1,2)
  * Корабль #104: [2/2 палуб] готов к бою на (9,6)
  * Корабль #105: [1/2 палуб] готов к бою на (6,9)
  Сформированные цели флота Флот Альфа (Север (5 выстрелов):
    -> Корабль #102 целится в (9, 1)
    -> Корабль #103 целится в (6, 6)
    -> Корабль #104 целится в (8, 0)
    -> Корабль #104 целится в (8, 6)
    -> Корабль #105 целится в (9, 6)
--- Готовность флота Флот Браво (Южный ---
  * Корабль #202: [3/3 палуб] готов к бою на (5,9)
  * Корабль #204: [2/2 палуб] готов к бою на (8,6)
  * Корабль #209: [1/1 палуб] готов к бою на (0,7)
  Сформированные цели флота Флот Браво (Южный (6 выстрелов):
    -> Корабль #202 целится в (0, 3)
    -> Корабль #202 целится в (4, 1)
    -> Корабль #202 целится в (1, 4)
    -> Корабль #204 целится в (3, 4)
    -> Корабль #204 целится в (8, 8)
    -> Корабль #209 целится в (4, 3)
  [Залп] Флот Альфа (Север (Корабль #102) -> (9, 1): ПОВТОРНЫЙ ВЫСТРЕЛ
  [Залп] Флот Альфа (Север (Корабль #103) -> (6, 6): ПРОМАХ
  [Залп] Флот Альфа (Север (Корабль #104) -> (8, 0): ПОВТОРНЫЙ ВЫСТРЕЛ
  [Залп] Флот Альфа (Север (Корабль #104) -> (8, 6): ПОПАДАНИЕ (РАНЕН) (цель: корабль #204)
    [Боеспособность] Корабль #204: осталось 0/2 палуб
  [Залп] Флот Альфа (Север (Корабль #105) -> (9, 6): ПОПАДАНИЕ (РАНЕН) (цель: корабль #204)
    [Боеспособность] Корабль #204: осталось 0/2 палуб
    [КАТАСТРОФА] Корабль #204 ПОЛНОСТЬЮ УНИЧТОЖЕН!
  [Залп] Флот Браво (Южный (Корабль #202) -> (0, 3): ПОВТОРНЫЙ ВЫСТРЕЛ
  [Залп] Флот Браво (Южный (Корабль #202) -> (4, 1): ПОВТОРНЫЙ ВЫСТРЕЛ
  [Залп] Флот Браво (Южный (Корабль #202) -> (1, 4): ПРОМАХ
  [Залп] Флот Браво (Южный (Корабль #204) -> (3, 4): ПОВТОРНЫЙ ВЫСТРЕЛ
  [Залп] Флот Браво (Южный (Корабль #204) -> (8, 8): ПОВТОРНЫЙ ВЫСТРЕЛ
  [Залп] Флот Браво (Южный (Корабль #209) -> (4, 3): ПОВТОРНЫЙ ВЫСТРЕЛ

----------------------------------------------------------------
Сводное состояние флотов:
  * Флот Альфа (Север: Живых кораблей: 4/10, Уцелевших палуб: 5
  * Флот Браво (Южный: Живых кораблей: 2/10, Уцелевших палуб: 4
----------------------------------------------------------------

================================================================
>>> НАЧАЛО РАУНДА 10 <<<
================================================================
--- Готовность флота Флот Альфа (Север ---
  * Корабль #102: [1/3 палуб] готов к бою на (0,5)
  * Корабль #103: [1/3 палуб] готов к бою на (1,2)
  * Корабль #104: [2/2 палуб] готов к бою на (9,6)
  * Корабль #105: [1/2 палуб] готов к бою на (6,9)
  Сформированные цели флота Флот Альфа (Север (5 выстрелов):
    -> Корабль #102 целится в (9, 1)
    -> Корабль #103 целится в (0, 7)
    -> Корабль #104 целится в (1, 7)
    -> Корабль #104 целится в (8, 0)
    -> Корабль #105 целится в (2, 7)
--- Готовность флота Флот Браво (Южный ---
  * Корабль #202: [3/3 палуб] готов к бою на (5,9)
  * Корабль #209: [1/1 палуб] готов к бою на (0,7)
  Сформированные цели флота Флот Браво (Южный (4 выстрелов):
    -> Корабль #202 целится в (7, 5)
    -> Корабль #202 целится в (2, 3)
    -> Корабль #202 целится в (8, 6)
    -> Корабль #209 целится в (4, 8)
  [Залп] Флот Альфа (Север (Корабль #102) -> (9, 1): ПОВТОРНЫЙ ВЫСТРЕЛ
  [Залп] Флот Альфа (Север (Корабль #103) -> (0, 7): ПОПАДАНИЕ (РАНЕН) (цель: корабль #209)
    [Боеспособность] Корабль #209: осталось 0/1 палуб
    [КАТАСТРОФА] Корабль #209 ПОЛНОСТЬЮ УНИЧТОЖЕН!
  [Залп] Флот Альфа (Север (Корабль #104) -> (1, 7): ПРОМАХ
  [Залп] Флот Альфа (Север (Корабль #104) -> (8, 0): ПОВТОРНЫЙ ВЫСТРЕЛ
  [Залп] Флот Альфа (Север (Корабль #105) -> (2, 7): ПРОМАХ
  [Залп] Флот Браво (Южный (Корабль #202) -> (7, 5): ПРОМАХ
  [Залп] Флот Браво (Южный (Корабль #202) -> (2, 3): ПОВТОРНЫЙ ВЫСТРЕЛ
  [Залп] Флот Браво (Южный (Корабль #202) -> (8, 6): ПОВТОРНЫЙ ВЫСТРЕЛ
  [Залп] Флот Браво (Южный (Корабль #209) -> (4, 8): ПОВТОРНЫЙ ВЫСТРЕЛ

----------------------------------------------------------------
Сводное состояние флотов:
  * Флот Альфа (Север: Живых кораблей: 4/10, Уцелевших палуб: 5
  * Флот Браво (Южный: Живых кораблей: 1/10, Уцелевших палуб: 3
----------------------------------------------------------------

================================================================
>>> НАЧАЛО РАУНДА 11 <<<
================================================================
--- Готовность флота Флот Альфа (Север ---
  * Корабль #102: [1/3 палуб] готов к бою на (0,5)
  * Корабль #103: [1/3 палуб] готов к бою на (1,2)
  * Корабль #104: [2/2 палуб] готов к бою на (9,6)
  * Корабль #105: [1/2 палуб] готов к бою на (6,9)
  Сформированные цели флота Флот Альфа (Север (5 выстрелов):
    -> Корабль #102 целится в (9, 1)
    -> Корабль #103 целится в (3, 7)
    -> Корабль #104 целится в (4, 7)
    -> Корабль #104 целится в (8, 0)
    -> Корабль #105 целится в (6, 7)
--- Готовность флота Флот Браво (Южный ---
  * Корабль #202: [3/3 палуб] готов к бою на (5,9)
  Сформированные цели флота Флот Браво (Южный (3 выстрелов):
    -> Корабль #202 целится в (1, 2)
    -> Корабль #202 целится в (0, 6)
    -> Корабль #202 целится в (1, 8)
  [Залп] Флот Альфа (Север (Корабль #102) -> (9, 1): ПОВТОРНЫЙ ВЫСТРЕЛ
  [Залп] Флот Альфа (Север (Корабль #103) -> (3, 7): ПРОМАХ
  [Залп] Флот Альфа (Север (Корабль #104) -> (4, 7): ПРОМАХ
  [Залп] Флот Альфа (Север (Корабль #104) -> (8, 0): ПОВТОРНЫЙ ВЫСТРЕЛ
  [Залп] Флот Альфа (Север (Корабль #105) -> (6, 7): ПРОМАХ
  [Залп] Флот Браво (Южный (Корабль #202) -> (1, 2): ПОВТОРНЫЙ ВЫСТРЕЛ
  [Залп] Флот Браво (Южный (Корабль #202) -> (0, 6): ПРОМАХ
  [Залп] Флот Браво (Южный (Корабль #202) -> (1, 8): ПОВТОРНЫЙ ВЫСТРЕЛ

----------------------------------------------------------------
Сводное состояние флотов:
  * Флот Альфа (Север: Живых кораблей: 4/10, Уцелевших палуб: 5
  * Флот Браво (Южный: Живых кораблей: 1/10, Уцелевших палуб: 3
----------------------------------------------------------------

================================================================
>>> НАЧАЛО РАУНДА 12 <<<
================================================================
--- Готовность флота Флот Альфа (Север ---
  * Корабль #102: [1/3 палуб] готов к бою на (0,5)
  * Корабль #103: [1/3 палуб] готов к бою на (1,2)
  * Корабль #104: [2/2 палуб] готов к бою на (9,6)
  * Корабль #105: [1/2 палуб] готов к бою на (6,9)
  Сформированные цели флота Флот Альфа (Север (5 выстрелов):
    -> Корабль #102 целится в (9, 1)
    -> Корабль #103 целится в (8, 0)
    -> Корабль #104 целится в (9, 7)
    -> Корабль #104 целится в (7, 7)
    -> Корабль #105 целится в (8, 7)
--- Готовность флота Флот Браво (Южный ---
  * Корабль #202: [3/3 палуб] готов к бою на (5,9)
  Сформированные цели флота Флот Браво (Южный (3 выстрелов):
    -> Корабль #202 целится в (1, 2)
    -> Корабль #202 целится в (0, 5)
    -> Корабль #202 целится в (7, 3)
  [Залп] Флот Альфа (Север (Корабль #102) -> (9, 1): ПОВТОРНЫЙ ВЫСТРЕЛ
  [Залп] Флот Альфа (Север (Корабль #103) -> (8, 0): ПОВТОРНЫЙ ВЫСТРЕЛ
  [Залп] Флот Альфа (Север (Корабль #104) -> (9, 7): ПРОМАХ
  [Залп] Флот Альфа (Север (Корабль #104) -> (7, 7): ПРОМАХ
  [Залп] Флот Альфа (Север (Корабль #105) -> (8, 7): ПРОМАХ
  [Залп] Флот Браво (Южный (Корабль #202) -> (1, 2): ПОВТОРНЫЙ ВЫСТРЕЛ
  [Залп] Флот Браво (Южный (Корабль #202) -> (0, 5): ПОПАДАНИЕ (РАНЕН) (цель: корабль #102)
    [Боеспособность] Корабль #102: осталось 0/3 палуб
    [КАТАСТРОФА] Корабль #102 ПОЛНОСТЬЮ УНИЧТОЖЕН!
  [Залп] Флот Браво (Южный (Корабль #202) -> (7, 3): ПРОМАХ

----------------------------------------------------------------
Сводное состояние флотов:
  * Флот Альфа (Север: Живых кораблей: 3/10, Уцелевших палуб: 4
  * Флот Браво (Южный: Живых кораблей: 1/10, Уцелевших палуб: 3
----------------------------------------------------------------

================================================================
>>> НАЧАЛО РАУНДА 13 <<<
================================================================
--- Готовность флота Флот Альфа (Север ---
  * Корабль #103: [1/3 палуб] готов к бою на (1,2)
  * Корабль #104: [2/2 палуб] готов к бою на (9,6)
  * Корабль #105: [1/2 палуб] готов к бою на (6,9)
  Сформированные цели флота Флот Альфа (Север (4 выстрелов):
    -> Корабль #103 целится в (9, 1)
    -> Корабль #104 целится в (8, 0)
    -> Корабль #104 целится в (0, 8)
    -> Корабль #105 целится в (1, 8)
--- Готовность флота Флот Браво (Южный ---
  * Корабль #202: [3/3 палуб] готов к бою на (5,9)
  Сформированные цели флота Флот Браво (Южный (3 выстрелов):
    -> Корабль #202 целится в (5, 0)
    -> Корабль #202 целится в (9, 7)
    -> Корабль #202 целится в (6, 6)
  [Залп] Флот Альфа (Север (Корабль #103) -> (9, 1): ПОВТОРНЫЙ ВЫСТРЕЛ
  [Залп] Флот Альфа (Север (Корабль #104) -> (8, 0): ПОВТОРНЫЙ ВЫСТРЕЛ
  [Залп] Флот Альфа (Север (Корабль #104) -> (0, 8): ПРОМАХ
  [Залп] Флот Альфа (Север (Корабль #105) -> (1, 8): ПРОМАХ
  [Залп] Флот Браво (Южный (Корабль #202) -> (5, 0): ПОВТОРНЫЙ ВЫСТРЕЛ
  [Залп] Флот Браво (Южный (Корабль #202) -> (9, 7): ПОПАДАНИЕ (РАНЕН) (цель: корабль #104)
    [Боеспособность] Корабль #104: осталось 1/2 палуб
  [Залп] Флот Браво (Южный (Корабль #202) -> (6, 6): ПОВТОРНЫЙ ВЫСТРЕЛ

----------------------------------------------------------------
Сводное состояние флотов:
  * Флот Альфа (Север: Живых кораблей: 3/10, Уцелевших палуб: 3
  * Флот Браво (Южный: Живых кораблей: 1/10, Уцелевших палуб: 3
----------------------------------------------------------------

================================================================
>>> НАЧАЛО РАУНДА 14 <<<
================================================================
--- Готовность флота Флот Альфа (Север ---
  * Корабль #103: [1/3 палуб] готов к бою на (1,2)
  * Корабль #104: [1/2 палуб] готов к бою на (9,6)
  * Корабль #105: [1/2 палуб] готов к бою на (6,9)
  Сформированные цели флота Флот Альфа (Север (3 выстрелов):
    -> Корабль #103 целится в (9, 1)
    -> Корабль #104 целится в (3, 8)
    -> Корабль #105 целится в (5, 8)
--- Готовность флота Флот Браво (Южный ---
  * Корабль #202: [3/3 палуб] готов к бою на (5,9)
  Сформированные цели флота Флот Браво (Южный (3 выстрелов):
    -> Корабль #202 целится в (5, 0)
    -> Корабль #202 целится в (2, 9)
    -> Корабль #202 целится в (3, 9)
  [Залп] Флот Альфа (Север (Корабль #103) -> (9, 1): ПОВТОРНЫЙ ВЫСТРЕЛ
  [Залп] Флот Альфа (Север (Корабль #104) -> (3, 8): ПРОМАХ
  [Залп] Флот Альфа (Север (Корабль #105) -> (5, 8): ПРОМАХ
  [Залп] Флот Браво (Южный (Корабль #202) -> (5, 0): ПОВТОРНЫЙ ВЫСТРЕЛ
  [Залп] Флот Браво (Южный (Корабль #202) -> (2, 9): ПОВТОРНЫЙ ВЫСТРЕЛ
  [Залп] Флот Браво (Южный (Корабль #202) -> (3, 9): ПРОМАХ

----------------------------------------------------------------
Сводное состояние флотов:
  * Флот Альфа (Север: Живых кораблей: 3/10, Уцелевших палуб: 3
  * Флот Браво (Южный: Живых кораблей: 1/10, Уцелевших палуб: 3
----------------------------------------------------------------

================================================================
>>> НАЧАЛО РАУНДА 15 <<<
================================================================
--- Готовность флота Флот Альфа (Север ---
  * Корабль #103: [1/3 палуб] готов к бою на (1,2)
  * Корабль #104: [1/2 палуб] готов к бою на (9,6)
  * Корабль #105: [1/2 палуб] готов к бою на (6,9)
  Сформированные цели флота Флот Альфа (Север (3 выстрелов):
    -> Корабль #103 целится в (9, 1)
    -> Корабль #104 целится в (6, 8)
    -> Корабль #105 целится в (7, 8)
--- Готовность флота Флот Браво (Южный ---
  * Корабль #202: [3/3 палуб] готов к бою на (5,9)
  Сформированные цели флота Флот Браво (Южный (3 выстрелов):
    -> Корабль #202 целится в (0, 1)
    -> Корабль #202 целится в (2, 2)
    -> Корабль #202 целится в (0, 0)
  [Залп] Флот Альфа (Север (Корабль #103) -> (9, 1): ПОВТОРНЫЙ ВЫСТРЕЛ
  [Залп] Флот Альфа (Север (Корабль #104) -> (6, 8): ПРОМАХ
  [Залп] Флот Альфа (Север (Корабль #105) -> (7, 8): ПРОМАХ
  [Залп] Флот Браво (Южный (Корабль #202) -> (0, 1): ПОВТОРНЫЙ ВЫСТРЕЛ
  [Залп] Флот Браво (Южный (Корабль #202) -> (2, 2): ПОВТОРНЫЙ ВЫСТРЕЛ
  [Залп] Флот Браво (Южный (Корабль #202) -> (0, 0): ПОВТОРНЫЙ ВЫСТРЕЛ

----------------------------------------------------------------
Сводное состояние флотов:
  * Флот Альфа (Север: Живых кораблей: 3/10, Уцелевших палуб: 3
  * Флот Браво (Южный: Живых кораблей: 1/10, Уцелевших палуб: 3
----------------------------------------------------------------

================================================================
>>> НАЧАЛО РАУНДА 16 <<<
================================================================
--- Готовность флота Флот Альфа (Север ---
  * Корабль #103: [1/3 палуб] готов к бою на (1,2)
  * Корабль #104: [1/2 палуб] готов к бою на (9,6)
  * Корабль #105: [1/2 палуб] готов к бою на (6,9)
  Сформированные цели флота Флот Альфа (Север (3 выстрелов):
    -> Корабль #103 целится в (8, 0)
    -> Корабль #104 целится в (9, 1)
    -> Корабль #105 целится в (8, 8)
--- Готовность флота Флот Браво (Южный ---
  * Корабль #202: [3/3 палуб] готов к бою на (5,9)
  Сформированные цели флота Флот Браво (Южный (3 выстрелов):
    -> Корабль #202 целится в (8, 9)
    -> Корабль #202 целится в (5, 0)
    -> Корабль #202 целится в (0, 8)
  [Залп] Флот Альфа (Север (Корабль #103) -> (8, 0): ПОВТОРНЫЙ ВЫСТРЕЛ
  [Залп] Флот Альфа (Север (Корабль #104) -> (9, 1): ПОВТОРНЫЙ ВЫСТРЕЛ
  [Залп] Флот Альфа (Север (Корабль #105) -> (8, 8): ПРОМАХ
  [Залп] Флот Браво (Южный (Корабль #202) -> (8, 9): ПОВТОРНЫЙ ВЫСТРЕЛ
  [Залп] Флот Браво (Южный (Корабль #202) -> (5, 0): ПОВТОРНЫЙ ВЫСТРЕЛ
  [Залп] Флот Браво (Южный (Корабль #202) -> (0, 8): ПОВТОРНЫЙ ВЫСТРЕЛ

----------------------------------------------------------------
Сводное состояние флотов:
  * Флот Альфа (Север: Живых кораблей: 3/10, Уцелевших палуб: 3
  * Флот Браво (Южный: Живых кораблей: 1/10, Уцелевших палуб: 3
----------------------------------------------------------------

================================================================
>>> НАЧАЛО РАУНДА 17 <<<
================================================================
--- Готовность флота Флот Альфа (Север ---
  * Корабль #103: [1/3 палуб] готов к бою на (1,2)
  * Корабль #104: [1/2 палуб] готов к бою на (9,6)
  * Корабль #105: [1/2 палуб] готов к бою на (6,9)
  Сформированные цели флота Флот Альфа (Север (3 выстрелов):
    -> Корабль #103 целится в (8, 0)
    -> Корабль #104 целится в (9, 1)
    -> Корабль #105 целится в (9, 8)
--- Готовность флота Флот Браво (Южный ---
  * Корабль #202: [3/3 палуб] готов к бою на (5,9)
  Сформированные цели флота Флот Браво (Южный (3 выстрелов):
    -> Корабль #202 целится в (6, 9)
    -> Корабль #202 целится в (0, 8)
    -> Корабль #202 целится в (1, 0)
  [Залп] Флот Альфа (Север (Корабль #103) -> (8, 0): ПОВТОРНЫЙ ВЫСТРЕЛ
  [Залп] Флот Альфа (Север (Корабль #104) -> (9, 1): ПОВТОРНЫЙ ВЫСТРЕЛ
  [Залп] Флот Альфа (Север (Корабль #105) -> (9, 8): ПРОМАХ
  [Залп] Флот Браво (Южный (Корабль #202) -> (6, 9): ПОПАДАНИЕ (РАНЕН) (цель: корабль #105)
    [Боеспособность] Корабль #105: осталось 0/2 палуб
    [КАТАСТРОФА] Корабль #105 ПОЛНОСТЬЮ УНИЧТОЖЕН!
  [Залп] Флот Браво (Южный (Корабль #202) -> (0, 8): ПОВТОРНЫЙ ВЫСТРЕЛ
  [Залп] Флот Браво (Южный (Корабль #202) -> (1, 0): ПОВТОРНЫЙ ВЫСТРЕЛ

----------------------------------------------------------------
Сводное состояние флотов:
  * Флот Альфа (Север: Живых кораблей: 2/10, Уцелевших палуб: 2
  * Флот Браво (Южный: Живых кораблей: 1/10, Уцелевших палуб: 3
----------------------------------------------------------------

================================================================
>>> НАЧАЛО РАУНДА 18 <<<
================================================================
--- Готовность флота Флот Альфа (Север ---
  * Корабль #103: [1/3 палуб] готов к бою на (1,2)
  * Корабль #104: [1/2 палуб] готов к бою на (9,6)
  Сформированные цели флота Флот Альфа (Север (2 выстрелов):
    -> Корабль #103 целится в (9, 1)
    -> Корабль #104 целится в (0, 9)
--- Готовность флота Флот Браво (Южный ---
  * Корабль #202: [3/3 палуб] готов к бою на (5,9)
  Сформированные цели флота Флот Браво (Южный (3 выстрелов):
    -> Корабль #202 целится в (2, 7)
    -> Корабль #202 целится в (0, 7)
    -> Корабль #202 целится в (5, 1)
  [Залп] Флот Альфа (Север (Корабль #103) -> (9, 1): ПОВТОРНЫЙ ВЫСТРЕЛ
  [Залп] Флот Альфа (Север (Корабль #104) -> (0, 9): ПРОМАХ
  [Залп] Флот Браво (Южный (Корабль #202) -> (2, 7): ПОВТОРНЫЙ ВЫСТРЕЛ
  [Залп] Флот Браво (Южный (Корабль #202) -> (0, 7): ПОВТОРНЫЙ ВЫСТРЕЛ
  [Залп] Флот Браво (Южный (Корабль #202) -> (5, 1): ПОВТОРНЫЙ ВЫСТРЕЛ

----------------------------------------------------------------
Сводное состояние флотов:
  * Флот Альфа (Север: Живых кораблей: 2/10, Уцелевших палуб: 2
  * Флот Браво (Южный: Живых кораблей: 1/10, Уцелевших палуб: 3
----------------------------------------------------------------

================================================================
>>> НАЧАЛО РАУНДА 19 <<<
================================================================
--- Готовность флота Флот Альфа (Север ---
  * Корабль #103: [1/3 палуб] готов к бою на (1,2)
  * Корабль #104: [1/2 палуб] готов к бою на (9,6)
  Сформированные цели флота Флот Альфа (Север (2 выстрелов):
    -> Корабль #103 целится в (9, 1)
    -> Корабль #104 целится в (1, 9)
--- Готовность флота Флот Браво (Южный ---
  * Корабль #202: [3/3 палуб] готов к бою на (5,9)
  Сформированные цели флота Флот Браво (Южный (3 выстрелов):
    -> Корабль #202 целится в (2, 1)
    -> Корабль #202 целится в (1, 3)
    -> Корабль #202 целится в (8, 9)
  [Залп] Флот Альфа (Север (Корабль #103) -> (9, 1): ПОВТОРНЫЙ ВЫСТРЕЛ
  [Залп] Флот Альфа (Север (Корабль #104) -> (1, 9): ПРОМАХ
  [Залп] Флот Браво (Южный (Корабль #202) -> (2, 1): ПОВТОРНЫЙ ВЫСТРЕЛ
  [Залп] Флот Браво (Южный (Корабль #202) -> (1, 3): ПРОМАХ
  [Залп] Флот Браво (Южный (Корабль #202) -> (8, 9): ПОВТОРНЫЙ ВЫСТРЕЛ

----------------------------------------------------------------
Сводное состояние флотов:
  * Флот Альфа (Север: Живых кораблей: 2/10, Уцелевших палуб: 2
  * Флот Браво (Южный: Живых кораблей: 1/10, Уцелевших палуб: 3
----------------------------------------------------------------

================================================================
>>> НАЧАЛО РАУНДА 20 <<<
================================================================
--- Готовность флота Флот Альфа (Север ---
  * Корабль #103: [1/3 палуб] готов к бою на (1,2)
  * Корабль #104: [1/2 палуб] готов к бою на (9,6)
  Сформированные цели флота Флот Альфа (Север (2 выстрелов):
    -> Корабль #103 целится в (9, 1)
    -> Корабль #104 целится в (2, 9)
--- Готовность флота Флот Браво (Южный ---
  * Корабль #202: [3/3 палуб] готов к бою на (5,9)
  Сформированные цели флота Флот Браво (Южный (3 выстрелов):
    -> Корабль #202 целится в (5, 4)
    -> Корабль #202 целится в (7, 6)
    -> Корабль #202 целится в (8, 2)
  [Залп] Флот Альфа (Север (Корабль #103) -> (9, 1): ПОВТОРНЫЙ ВЫСТРЕЛ
  [Залп] Флот Альфа (Север (Корабль #104) -> (2, 9): ПРОМАХ
  [Залп] Флот Браво (Южный (Корабль #202) -> (5, 4): ПОВТОРНЫЙ ВЫСТРЕЛ
  [Залп] Флот Браво (Южный (Корабль #202) -> (7, 6): ПОВТОРНЫЙ ВЫСТРЕЛ
  [Залп] Флот Браво (Южный (Корабль #202) -> (8, 2): ПРОМАХ

----------------------------------------------------------------
Сводное состояние флотов:
  * Флот Альфа (Север: Живых кораблей: 2/10, Уцелевших палуб: 2
  * Флот Браво (Южный: Живых кораблей: 1/10, Уцелевших палуб: 3
----------------------------------------------------------------

================================================================
>>> НАЧАЛО РАУНДА 21 <<<
================================================================
--- Готовность флота Флот Альфа (Север ---
  * Корабль #103: [1/3 палуб] готов к бою на (1,2)
  * Корабль #104: [1/2 палуб] готов к бою на (9,6)
  Сформированные цели флота Флот Альфа (Север (2 выстрелов):
    -> Корабль #103 целится в (9, 1)
    -> Корабль #104 целится в (3, 9)
--- Готовность флота Флот Браво (Южный ---
  * Корабль #202: [3/3 палуб] готов к бою на (5,9)
  Сформированные цели флота Флот Браво (Южный (3 выстрелов):
    -> Корабль #202 целится в (1, 1)
    -> Корабль #202 целится в (7, 6)
    -> Корабль #202 целится в (3, 7)
  [Залп] Флот Альфа (Север (Корабль #103) -> (9, 1): ПОВТОРНЫЙ ВЫСТРЕЛ
  [Залп] Флот Альфа (Север (Корабль #104) -> (3, 9): ПРОМАХ
  [Залп] Флот Браво (Южный (Корабль #202) -> (1, 1): ПОВТОРНЫЙ ВЫСТРЕЛ
  [Залп] Флот Браво (Южный (Корабль #202) -> (7, 6): ПОВТОРНЫЙ ВЫСТРЕЛ
  [Залп] Флот Браво (Южный (Корабль #202) -> (3, 7): ПОВТОРНЫЙ ВЫСТРЕЛ

----------------------------------------------------------------
Сводное состояние флотов:
  * Флот Альфа (Север: Живых кораблей: 2/10, Уцелевших палуб: 2
  * Флот Браво (Южный: Живых кораблей: 1/10, Уцелевших палуб: 3
----------------------------------------------------------------

================================================================
>>> НАЧАЛО РАУНДА 22 <<<
================================================================
--- Готовность флота Флот Альфа (Север ---
  * Корабль #103: [1/3 палуб] готов к бою на (1,2)
  * Корабль #104: [1/2 палуб] готов к бою на (9,6)
  Сформированные цели флота Флот Альфа (Север (2 выстрелов):
    -> Корабль #103 целится в (9, 1)
    -> Корабль #104 целится в (5, 9)
--- Готовность флота Флот Браво (Южный ---
  * Корабль #202: [3/3 палуб] готов к бою на (5,9)
  Сформированные цели флота Флот Браво (Южный (3 выстрелов):
    -> Корабль #202 целится в (3, 6)
    -> Корабль #202 целится в (4, 5)
    -> Корабль #202 целится в (0, 9)
  [Залп] Флот Альфа (Север (Корабль #103) -> (9, 1): ПОВТОРНЫЙ ВЫСТРЕЛ
  [Залп] Флот Альфа (Север (Корабль #104) -> (5, 9): ПОПАДАНИЕ (РАНЕН) (цель: корабль #202)
    [Боеспособность] Корабль #202: осталось 2/3 палуб
  [Залп] Флот Браво (Южный (Корабль #202) -> (3, 6): ПРОМАХ
  [Залп] Флот Браво (Южный (Корабль #202) -> (4, 5): ПРОМАХ
  [Залп] Флот Браво (Южный (Корабль #202) -> (0, 9): ПОВТОРНЫЙ ВЫСТРЕЛ

----------------------------------------------------------------
Сводное состояние флотов:
  * Флот Альфа (Север: Живых кораблей: 2/10, Уцелевших палуб: 2
  * Флот Браво (Южный: Живых кораблей: 1/10, Уцелевших палуб: 2
----------------------------------------------------------------

================================================================
>>> НАЧАЛО РАУНДА 23 <<<
================================================================
--- Готовность флота Флот Альфа (Север ---
  * Корабль #103: [1/3 палуб] готов к бою на (1,2)
  * Корабль #104: [1/2 палуб] готов к бою на (9,6)
  Сформированные цели флота Флот Альфа (Север (2 выстрелов):
    -> Корабль #103 целится в (9, 1)
    -> Корабль #104 целится в (8, 0)
--- Готовность флота Флот Браво (Южный ---
  * Корабль #202: [2/3 палуб] готов к бою на (5,9)
  Сформированные цели флота Флот Браво (Южный (2 выстрелов):
    -> Корабль #202 целится в (0, 0)
    -> Корабль #202 целится в (7, 9)
  [Залп] Флот Альфа (Север (Корабль #103) -> (9, 1): ПОВТОРНЫЙ ВЫСТРЕЛ
  [Залп] Флот Альфа (Север (Корабль #104) -> (8, 0): ПОВТОРНЫЙ ВЫСТРЕЛ
  [Залп] Флот Браво (Южный (Корабль #202) -> (0, 0): ПОВТОРНЫЙ ВЫСТРЕЛ
  [Залп] Флот Браво (Южный (Корабль #202) -> (7, 9): ПОВТОРНЫЙ ВЫСТРЕЛ

----------------------------------------------------------------
Сводное состояние флотов:
  * Флот Альфа (Север: Живых кораблей: 2/10, Уцелевших палуб: 2
  * Флот Браво (Южный: Живых кораблей: 1/10, Уцелевших палуб: 2
----------------------------------------------------------------

================================================================
>>> НАЧАЛО РАУНДА 24 <<<
================================================================
--- Готовность флота Флот Альфа (Север ---
  * Корабль #103: [1/3 палуб] готов к бою на (1,2)
  * Корабль #104: [1/2 палуб] готов к бою на (9,6)
  Сформированные цели флота Флот Альфа (Север (2 выстрелов):
    -> Корабль #103 целится в (8, 0)
    -> Корабль #104 целится в (9, 1)
--- Готовность флота Флот Браво (Южный ---
  * Корабль #202: [2/3 палуб] готов к бою на (5,9)
  Сформированные цели флота Флот Браво (Южный (2 выстрелов):
    -> Корабль #202 целится в (9, 4)
    -> Корабль #202 целится в (2, 2)
  [Залп] Флот Альфа (Север (Корабль #103) -> (8, 0): ПОВТОРНЫЙ ВЫСТРЕЛ
  [Залп] Флот Альфа (Север (Корабль #104) -> (9, 1): ПОВТОРНЫЙ ВЫСТРЕЛ
  [Залп] Флот Браво (Южный (Корабль #202) -> (9, 4): ПОВТОРНЫЙ ВЫСТРЕЛ
  [Залп] Флот Браво (Южный (Корабль #202) -> (2, 2): ПОВТОРНЫЙ ВЫСТРЕЛ

----------------------------------------------------------------
Сводное состояние флотов:
  * Флот Альфа (Север: Живых кораблей: 2/10, Уцелевших палуб: 2
  * Флот Браво (Южный: Живых кораблей: 1/10, Уцелевших палуб: 2
----------------------------------------------------------------

================================================================
>>> НАЧАЛО РАУНДА 25 <<<
================================================================
--- Готовность флота Флот Альфа (Север ---
  * Корабль #103: [1/3 палуб] готов к бою на (1,2)
  * Корабль #104: [1/2 палуб] готов к бою на (9,6)
  Сформированные цели флота Флот Альфа (Север (2 выстрелов):
    -> Корабль #103 целится в (9, 1)
    -> Корабль #104 целится в (6, 9)
--- Готовность флота Флот Браво (Южный ---
  * Корабль #202: [2/3 палуб] готов к бою на (5,9)
  Сформированные цели флота Флот Браво (Южный (2 выстрелов):
    -> Корабль #202 целится в (3, 6)
    -> Корабль #202 целится в (6, 4)
  [Залп] Флот Альфа (Север (Корабль #103) -> (9, 1): ПОВТОРНЫЙ ВЫСТРЕЛ
  [Залп] Флот Альфа (Север (Корабль #104) -> (6, 9): ПОПАДАНИЕ (РАНЕН) (цель: корабль #202)
    [Боеспособность] Корабль #202: осталось 1/3 палуб
  [Залп] Флот Браво (Южный (Корабль #202) -> (3, 6): ПОВТОРНЫЙ ВЫСТРЕЛ
  [Залп] Флот Браво (Южный (Корабль #202) -> (6, 4): ПОВТОРНЫЙ ВЫСТРЕЛ

----------------------------------------------------------------
Сводное состояние флотов:
  * Флот Альфа (Север: Живых кораблей: 2/10, Уцелевших палуб: 2
  * Флот Браво (Южный: Живых кораблей: 1/10, Уцелевших палуб: 1
----------------------------------------------------------------

================================================================
>>> НАЧАЛО РАУНДА 26 <<<
================================================================
--- Готовность флота Флот Альфа (Север ---
  * Корабль #103: [1/3 палуб] готов к бою на (1,2)
  * Корабль #104: [1/2 палуб] готов к бою на (9,6)
  Сформированные цели флота Флот Альфа (Север (2 выстрелов):
    -> Корабль #103 целится в (9, 1)
    -> Корабль #104 целится в (7, 9)
--- Готовность флота Флот Браво (Южный ---
  * Корабль #202: [1/3 палуб] готов к бою на (5,9)
  Сформированные цели флота Флот Браво (Южный (1 выстрелов):
    -> Корабль #202 целится в (7, 3)
  [Залп] Флот Альфа (Север (Корабль #103) -> (9, 1): ПОВТОРНЫЙ ВЫСТРЕЛ
  [Залп] Флот Альфа (Север (Корабль #104) -> (7, 9): ПОПАДАНИЕ (РАНЕН) (цель: корабль #202)
    [Боеспособность] Корабль #202: осталось 0/3 палуб
    [КАТАСТРОФА] Корабль #202 ПОЛНОСТЬЮ УНИЧТОЖЕН!
  [Залп] Флот Браво (Южный (Корабль #202) -> (7, 3): ПОВТОРНЫЙ ВЫСТРЕЛ

----------------------------------------------------------------
Сводное состояние флотов:
  * Флот Альфа (Север: Живых кораблей: 2/10, Уцелевших палуб: 2
  * Флот Браво (Южный: Живых кораблей: 0/10, Уцелевших палуб: 0
----------------------------------------------------------------

================================================================
ИТОГОВЫЙ ОТЧЕТ БОЯ СУДЬИ:
  * Результат: Флот A полностью уничтожил все корабли противника (Победа флота A)
  * Количество раундов: 26
  * Выстрелов флота A: 137 (попаданий: 20, потоплено: 10)
  * Выстрелов флота B: 151 (попаданий: 18, потоплено: 8)
================================================================

=== ЗАВЕРШЕНИЕ ЖУРНАЛИРОВАНИЯ ===
